go_gc_duration_seconds{quantile="0"}
go_gc_duration_seconds{quantile="0.25"}
go_gc_duration_seconds{quantile="0.5"}
go_gc_duration_seconds{quantile="0.75"}
go_gc_duration_seconds{quantile="1"}
go_gc_duration_seconds_sum
go_gc_duration_seconds_count
go_goroutines
go_info{version="go1.15"}
go_memstats_alloc_bytes
go_memstats_alloc_bytes_total
go_memstats_buck_hash_sys_bytes
go_memstats_frees_total
go_memstats_gc_cpu_fraction
go_memstats_gc_sys_bytes
go_memstats_heap_alloc_bytes
go_memstats_heap_idle_bytes
go_memstats_heap_inuse_bytes
go_memstats_heap_objects
go_memstats_heap_released_bytes
go_memstats_heap_sys_bytes
go_memstats_last_gc_time_seconds
go_memstats_lookups_total
go_memstats_mallocs_total
go_memstats_mcache_inuse_bytes
go_memstats_mcache_sys_bytes
go_memstats_mspan_inuse_bytes
go_memstats_mspan_sys_bytes
go_memstats_next_gc_bytes
go_memstats_other_sys_bytes
go_memstats_stack_inuse_bytes
go_memstats_stack_sys_bytes
go_memstats_sys_bytes
go_threads
pgbouncer_exporter_build_info{branch="master",goversion="go1.15",revision="605423400faa409f2a9abf4fd098264e3e09d0b6",version="0.4.0"}
pgbouncer_up
process_cpu_seconds_total
process_max_fds
process_open_fds
process_resident_memory_bytes
process_start_time_seconds
process_virtual_memory_bytes
process_virtual_memory_max_bytes
promhttp_metric_handler_requests_in_flight
promhttp_metric_handler_requests_total{code="200"}
promhttp_metric_handler_requests_total{code="500"}
promhttp_metric_handler_requests_total{code="503"}
